---
source: crates/keystore/tests/keystore.rs
expression: token.as_str()
---
eyJhbGciOiJFUzM4NCJ9.IiI.p9Otttjs3JOxZCeuIKwkql3YM-nfdxo__EVt84sex_PcokYjY47sa0qsvCqUUhpUoLSBihdchynuYqc5lOFuAM3Pi2pjg-ZrTqrzI23UlzFonlr4Zag9Qo3IYD10HKFq
