---
source: crates/keystore/tests/keystore.rs
expression: token.as_str()
---
eyJhbGciOiJFUzI1NiJ9.IiI.Yvudbc_oPln_H02H9woFZurQrgzsuWGnRK2kZzat_rp2HYFZtYobvMw9LqPDgeqq9a1HiL_Hx796SqyobiTXJg
