// Vitest Snapshot v1, https://vitest.dev/guide/snapshot.html

exports[`Router > routes 1`] = `"Loading..."`;
