// Vitest Snapshot v1, https://vitest.dev/guide/snapshot.html

exports[`<UnverifiedEmailAlert /> > renders a warning when there are unverified emails 1`] = `
<div>
  <div
    class="_alert_1bz08_19 _alert_d86cd2"
    data-type="critical"
  >
    <svg
      aria-hidden="true"
      class="_icon_1bz08_57"
      fill="currentColor"
      height="24"
      viewBox="0 0 24 24"
      width="24"
      xmlns="http://www.w3.org/2000/svg"
    >
      <path
        d="M12 17a.97.97 0 0 0 .713-.288A.968.968 0 0 0 13 16a.968.968 0 0 0-.287-.713A.968.968 0 0 0 12 15a.968.968 0 0 0-.713.287A.968.968 0 0 0 11 16c0 .283.096.52.287.712.192.192.43.288.713.288Zm0-4c.283 0 .52-.096.713-.287A.968.968 0 0 0 13 12V8a.967.967 0 0 0-.287-.713A.968.968 0 0 0 12 7a.968.968 0 0 0-.713.287A.967.967 0 0 0 11 8v4c0 .283.096.52.287.713.192.191.43.287.713.287Zm0 9a9.738 9.738 0 0 1-3.9-.788 10.099 10.099 0 0 1-3.175-2.137c-.9-.9-1.612-1.958-2.137-3.175A9.738 9.738 0 0 1 2 12a9.74 9.74 0 0 1 .788-3.9 10.099 10.099 0 0 1 2.137-3.175c.9-.9 1.958-1.612 3.175-2.137A9.738 9.738 0 0 1 12 2a9.74 9.74 0 0 1 3.9.788 10.098 10.098 0 0 1 3.175 2.137c.9.9 1.613 1.958 2.137 3.175A9.738 9.738 0 0 1 22 12a9.738 9.738 0 0 1-.788 3.9 10.098 10.098 0 0 1-2.137 3.175c-.9.9-1.958 1.613-3.175 2.137A9.738 9.738 0 0 1 12 22Z"
      />
    </svg>
    <div
      class="_content_1bz08_46"
    >
      <div
        class="_text-content_1bz08_53"
      >
        <p
          class="_typography_yh5dq_162 _font-body-md-semibold_yh5dq_64"
        >
          Unverified email
        </p>
        <p
          class="_typography_yh5dq_162 _font-body-sm-regular_yh5dq_40"
        >
          You have 2 unverified email addresses.
           
          <a
            aria-current="page"
            class="_link_1mzip_17 active"
            data-kind="primary"
            data-status="active"
            href="/#emails"
            rel="noreferrer noopener"
          >
            Review and verify
          </a>
        </p>
      </div>
    </div>
    <button
      aria-label="Close"
      class="_icon-button_16nk7_17"
      role="button"
      style="--cpd-icon-button-size: 32px;"
      tabindex="0"
    >
      <div
        class="_indicator-icon_133tf_26"
        style="--cpd-icon-button-size: 100%;"
      >
        <svg
          class="cpd-icon"
          fill="currentColor"
          height="1em"
          viewBox="0 0 24 24"
          width="1em"
          xmlns="http://www.w3.org/2000/svg"
        >
          <path
            d="M6.293 6.293a1 1 0 0 1 1.414 0L12 10.586l4.293-4.293a1 1 0 1 1 1.414 1.414L13.414 12l4.293 4.293a1 1 0 0 1-1.414 1.414L12 13.414l-4.293 4.293a1 1 0 0 1-1.414-1.414L10.586 12 6.293 7.707a1 1 0 0 1 0-1.414Z"
          />
        </svg>
      </div>
    </button>
  </div>
</div>
`;
