---
source: crates/handlers/src/passwords.rs
expression: hash
---
$argon2id$v=19$m=4096,t=3,p=1$4aRFZH7bgRs24delZVap/Q$x9rbM2Yx2N/aWfSuyVJGZGaQ+zyoE4Vz1FO2+q9fu2Q
