---
source: crates/handlers/src/passwords.rs
expression: hash
---
$argon2id$v=19$m=4096,t=3,p=1$eEi11xG8mIOZYxej+ckCaQ$pHZ/JwntSCS5qx6+MPK8XJUQSmSZ5rdXtxUew+rnXQI
