---
source: crates/handlers/src/passwords.rs
expression: hash
---
$argon2id$v=19$m=4096,t=3,p=1$1Ke64U6Mrdl5imSjjFRU+g$nL9kuMffxzJtFwANOEudh7FCpNJFPcYOA7xTbBLTCKI
