---
source: crates/handlers/src/passwords.rs
expression: hash
---
$2b$10$c/EX8bTbEMfTn4oCvcQyBOR1zPyLmGzZ2pMXoElLASqv2qpq5X15i
