---
source: crates/handlers/src/passwords.rs
expression: hash
---
$argon2id$v=19$m=4096,t=3,p=1$1WdxAF1UChkYSTnJ6NDbKg$5Gxr/7C+gWUwqDLQmLJ2JiAzg/VxVb5Z+A65bqVoFkU
