---
source: crates/handlers/src/passwords.rs
expression: hash
---
$pbkdf2-sha256$i=600000,l=32$eEi11xG8mIOZYxej+ckCaQ$uyS+Ip4DieQ9S+m1EcT+vCtuiWpQ3TsDGPLY4mwkOxc
