---
source: crates/handlers/src/passwords.rs
expression: hash
---
$pbkdf2-sha256$i=600000,l=32$1WdxAF1UChkYSTnJ6NDbKg$uwgJSFAtjA082fY37K09Q5Hjbw3mBjFI/JLW9sw0F2A
