---
source: crates/handlers/src/passwords.rs
expression: hash
---
$2b$10$mqjtwG6w3GawhuQQdwBCqOt0TQ0V4vGhB.tMuCZO8WL.ycBHkOLca
